br\com\suaempresa\sambamanager\service\ShareHierarchy.class
br\com\suaempresa\sambamanager\SambaManagerApp$4.class
br\com\suaempresa\sambamanager\service\ShareCatalogService.class
br\com\suaempresa\sambamanager\service\UpdateService.class
br\com\suaempresa\sambamanager\service\UpdateInstallerLauncher.class
br\com\suaempresa\sambamanager\MappingStartupMain.class
br\com\suaempresa\sambamanager\service\WindowsDriveMappingService.class
br\com\suaempresa\sambamanager\service\AppLog.class
br\com\suaempresa\sambamanager\SambaManagerApp$1.class
br\com\suaempresa\sambamanager\SambaManagerApp$6.class
br\com\suaempresa\sambamanager\service\WindowsCredentialService.class
br\com\suaempresa\sambamanager\service\AuditService.class
br\com\suaempresa\sambamanager\service\AccessCheckDiagnostics.class
br\com\suaempresa\sambamanager\service\PasswordChangeService.class
br\com\suaempresa\sambamanager\SambaManagerApp$5.class
br\com\suaempresa\sambamanager\service\InternalCertificateInstaller.class
br\com\suaempresa\sambamanager\SambaManagerApp$3.class
br\com\suaempresa\sambamanager\SambaManagerApp$AccessCheck.class
br\com\suaempresa\sambamanager\service\UpdateInfo.class
br\com\suaempresa\sambamanager\service\AutomaticMappingRestoreService.class
br\com\suaempresa\sambamanager\SambaManagerApp$2.class
br\com\suaempresa\sambamanager\SambaManagerApp$7.class
br\com\suaempresa\sambamanager\service\SambaConfig.class
br\com\suaempresa\sambamanager\SambaManagerApp.class
br\com\suaempresa\sambamanager\service\InternalHttpsClient.class
